[
 {
  "Id": "loadbalancer2-20201113172254923500000004",
  "Type": "aws_iam_user_policy_attachment",
  "Attrs": {
   "id": "loadbalancer2-20201113172254923500000004",
   "policy_arn": "arn:aws:iam::526954929923:policy/test3",
   "user": "loadbalancer2"
  }
 },
 {
  "Id": "loadbalancer3-20201113172254986500000006",
  "Type": "aws_iam_user_policy_attachment",
  "Attrs": {
   "id": "loadbalancer3-20201113172254986500000006",
   "policy_arn": "arn:aws:iam::526954929923:policy/test3",
   "user": "loadbalancer3"
  }
 },
 {
  "Id": "loadbalancer3-20201113172255118300000007",
  "Type": "aws_iam_user_policy_attachment",
  "Attrs": {
   "id": "loadbalancer3-20201113172255118300000007",
   "policy_arn": "arn:aws:iam::526954929923:policy/test2",
   "user": "loadbalancer3"
  }
 },
 {
  "Id": "loadbalancer-20201113172255158500000009",
  "Type": "aws_iam_user_policy_attachment",
  "Attrs": {
   "id": "loadbalancer-20201113172255158500000009",
   "policy_arn": "arn:aws:iam::526954929923:policy/test",
   "user": "loadbalancer"
  }
 },
 {
  "Id": "loadbalancer-2020111317225517310000000a",
  "Type": "aws_iam_user_policy_attachment",
  "Attrs": {
   "id": "loadbalancer-2020111317225517310000000a",
   "policy_arn": "arn:aws:iam::526954929923:policy/test2",
   "user": "loadbalancer"
  }
 },
 {
  "Id": "loadbalancer2-2020111317225587220000000b",
  "Type": "aws_iam_user_policy_attachment",
  "Attrs": {
   "id": "loadbalancer2-2020111317225587220000000b",
   "policy_arn": "arn:aws:iam::526954929923:policy/test",
   "user": "loadbalancer2"
  }
 },
 {
  "Id": "loadbalancer2-20201113172255122400000008",
  "Type": "aws_iam_user_policy_attachment",
  "Attrs": {
   "id": "loadbalancer2-20201113172255122400000008",
   "policy_arn": "arn:aws:iam::526954929923:policy/test2",
   "user": "loadbalancer2"
  }
 },
 {
  "Id": "loadbalancer-20201113172254928300000005",
  "Type": "aws_iam_user_policy_attachment",
  "Attrs": {
   "id": "loadbalancer-20201113172254928300000005",
   "policy_arn": "arn:aws:iam::526954929923:policy/test3",
   "user": "loadbalancer"
  }
 },
 {
  "Id": "loadbalancer3-2020111317225590250000000c",
  "Type": "aws_iam_user_policy_attachment",
  "Attrs": {
   "id": "loadbalancer3-2020111317225590250000000c",
   "policy_arn": "arn:aws:iam::526954929923:policy/test",
   "user": "loadbalancer3"
  }
 }
]