{
 "Typ": "WyJvYmplY3QiLHsiaWQiOiJzdHJpbmciLCJwb2xpY3lfYXJuIjoic3RyaW5nIiwidXNlciI6InN0cmluZyJ9XQ==",
 "Val": "eyJpZCI6InRlc3QtYXR0YWNoMyIsInBvbGljeV9hcm4iOiJhcm46YXdzOmlhbTo6MDQ3MDgxMDE0MzE1OnBvbGljeS90ZXN0MyIsInVzZXIiOiJsb2FkYmFsYW5jZXIzIn0=",
 "Err": null
}