{
 "Typ": "WyJvYmplY3QiLHsiaWQiOiJzdHJpbmciLCJwb2xpY3lfYXJuIjoic3RyaW5nIiwidXNlciI6InN0cmluZyJ9XQ==",
 "Val": "eyJpZCI6InRlc3QtYXR0YWNoIiwicG9saWN5X2FybiI6ImFybjphd3M6aWFtOjowNDcwODEwMTQzMTU6cG9saWN5L3Rlc3QiLCJ1c2VyIjoibG9hZGJhbGFuY2VyMyJ9",
 "Err": null
}