{
 "Typ": "WyJvYmplY3QiLHsiaWQiOiJzdHJpbmciLCJwb2xpY3lfYXJuIjoic3RyaW5nIiwidXNlciI6InN0cmluZyJ9XQ==",
 "Val": "eyJpZCI6InRlc3QtYXR0YWNoMiIsInBvbGljeV9hcm4iOiJhcm46YXdzOmlhbTo6MDQ3MDgxMDE0MzE1OnBvbGljeS90ZXN0MiIsInVzZXIiOiJsb2FkYmFsYW5jZXIifQ==",
 "Err": null
}