{
 "Typ": "WyJvYmplY3QiLHsiaWQiOiJzdHJpbmciLCJwb2xpY3lfYXJuIjoic3RyaW5nIiwidXNlciI6InN0cmluZyJ9XQ==",
 "Val": "bnVsbA==",
 "Err": null
}