[
 {
  "id": "test-attach2",
  "policy_arn": "arn:aws:iam::047081014315:policy/test2",
  "user": "loadbalancer2"
 },
 {
  "id": "test-attach",
  "policy_arn": "arn:aws:iam::047081014315:policy/test",
  "user": "loadbalancer2"
 },
 {
  "id": "test-attach",
  "policy_arn": "arn:aws:iam::047081014315:policy/test",
  "user": "loadbalancer"
 },
 {
  "id": "test-attach2",
  "policy_arn": "arn:aws:iam::047081014315:policy/test2",
  "user": "loadbalancer"
 },
 {
  "id": "test-attach3",
  "policy_arn": "arn:aws:iam::047081014315:policy/test3",
  "user": "loadbalancer"
 },
 {
  "id": "test-attach4",
  "policy_arn": "arn:aws:iam::047081014315:policy/test4",
  "user": "loadbalancer"
 },
 {
  "id": "test-attach2",
  "policy_arn": "arn:aws:iam::047081014315:policy/test2",
  "user": "loadbalancer3"
 },
 {
  "id": "test-attach",
  "policy_arn": "arn:aws:iam::047081014315:policy/test",
  "user": "loadbalancer3"
 },
 {
  "id": "test-attach3",
  "policy_arn": "arn:aws:iam::047081014315:policy/test3",
  "user": "loadbalancer3"
 },
 {
  "id": "test-attach3",
  "policy_arn": "arn:aws:iam::047081014315:policy/test3",
  "user": "loadbalancer2"
 },
 {
  "id": "test-attach4",
  "policy_arn": "arn:aws:iam::047081014315:policy/test4",
  "user": "loadbalancer2"
 }
]