[
 {
  "Id": "test-role2-20201118162909011200000002",
  "Type": "aws_iam_role_policy_attachment",
  "Attrs": {
   "id": "test-role2-20201118162909011200000002",
   "policy_arn": "arn:aws:iam::526954929923:policy/test-policy2",
   "role": "test-role2"
  }
 },
 {
  "Id": "test-role-20201118162849968800000001",
  "Type": "aws_iam_role_policy_attachment",
  "Attrs": {
   "id": "test-role-20201118162849968800000001",
   "policy_arn": "arn:aws:iam::526954929923:policy/test-policy",
   "role": "test-role"
  }
 },
 {
  "Id": "test-role-20201118162849994600000002",
  "Type": "aws_iam_role_policy_attachment",
  "Attrs": {
   "id": "test-role-20201118162849994600000002",
   "policy_arn": "arn:aws:iam::526954929923:policy/test-policy2",
   "role": "test-role"
  }
 },
 {
  "Id": "test-role2-20201118162908999800000001",
  "Type": "aws_iam_role_policy_attachment",
  "Attrs": {
   "id": "test-role2-20201118162908999800000001",
   "policy_arn": "arn:aws:iam::526954929923:policy/test-policy",
   "role": "test-role2"
  }
 }
]